---
source: crates/trousseau-cli/tests/help.rs
expression: stdout
---
Print the store's entries as environment variable assignments

Usage: trousseau env [OPTIONS]

Options:
      --format <FORMAT>   The output format. `--json` is an alias for `--format json` [default:
                          shell] [possible values: shell, dotenv, json]
      --env-prefix <P>    A prefix added in front of every variable name. Defaults to
                          `[run].env_prefix` in the config file
      --only <KEYPREFIX>  Only print this key, or the keys under this path prefix. Repeatable
  -h, --help              Print help (see more with '--help')

Global options:
      --store <PATH>            Use this store file. Wins over `--global` and over store discovery
                                [env: TROUSSEAU_STORE=]
      --global                  Use your personal store instead of the nearest project store (the
                                `.trousseau` file in this directory or a parent)
      --identity <PATH>         An identity (private key) file to try when unlocking. Repeatable.
                                Also tried: `TROUSSEAU_IDENTITY_FILE`, the config file's
                                `identity.files`, the default identity file, `~/.ssh/id_ed25519` and
                                `~/.ssh/id_rsa`
      --passphrase-file <PATH>  Read the store's passphrase from this file instead of prompting. One
                                trailing newline is stripped
      --json                    Print one JSON document on stdout instead of text. Errors become a
                                JSON object on stderr
      --quiet                   Suppress informational messages on stderr. Errors still print
      --no-input                Never prompt. A command that would prompt fails instead: exit 4 for
                                a secret, exit 2 for a confirmation

Variable names:
  A name is derived from the key: '/', '-' and '.' become '_', letters are
  uppercased, and a leading digit gets '_' in front.
    database/password   ->  DATABASE_PASSWORD
  An entry saved with 'set --env NAME' uses NAME instead.
  --env-prefix goes in front of every name, derived or explicit.

Which entries are printed:
  Every text entry, unless --only is given. Binary entries are skipped
  with a warning. --only takes a whole key or a path prefix, and can be
  repeated.

Examples:
  Load every secret into the current bash or zsh session:
    eval "$(trousseau env)"

  The same in fish:
    trousseau env | source

  Load only the entries under 'database/':
    eval "$(trousseau env --only database)"

  In a direnv .envrc, load exactly two entries:
    eval "$(trousseau env --only database/password --only api/token)"

  Write a .env file for a tool that needs one (plaintext, do not commit):
    trousseau env --format dotenv > .env

  Read one variable with jq:
    trousseau env --format json | jq -r .DATABASE_PASSWORD

Notes:
  Two entries that resolve to the same name are an error (exit 8).
  To run a single command with the secrets, 'trousseau run' is safer:
  nothing stays behind in your shell.
